Archive member included because of file (symbol)

c:/winavr-20100110/bin/../lib/gcc/avr/4.3.3/avr5\libgcc.a(_exit.o)
                              c:/winavr-20100110/bin/../lib/gcc/avr/4.3.3/../../../../avr/lib/avr5/crtm32.o (exit)
c:/winavr-20100110/bin/../lib/gcc/avr/4.3.3/avr5\libgcc.a(_copy_data.o)
                              ./Application/app.o (__do_copy_data)
c:/winavr-20100110/bin/../lib/gcc/avr/4.3.3/avr5\libgcc.a(_clear_bss.o)
                              ./MCAL/Timer/timer1.o (__do_clear_bss)

Memory Configuration

Name             Origin             Length             Attributes
text             0x00000000         0x00020000         xr
data             0x00800060         0x0000ffa0         rw !x
eeprom           0x00810000         0x00010000         rw !x
fuse             0x00820000         0x00000400         rw !x
lock             0x00830000         0x00000400         rw !x
signature        0x00840000         0x00000400         rw !x
*default*        0x00000000         0xffffffff

Linker script and memory map

LOAD c:/winavr-20100110/bin/../lib/gcc/avr/4.3.3/../../../../avr/lib/avr5/crtm32.o
LOAD ./MCAL/Timer/timer1.o
LOAD ./MCAL/Interrupt/interrupt.o
LOAD ./MCAL/GPIO/gpio.o
LOAD ./ECUAL/LED/LED.o
LOAD ./ECUAL/Button/button.o
LOAD ./Application/app.o
LOAD ./main.o
LOAD c:/winavr-20100110/bin/../lib/gcc/avr/4.3.3/avr5\libgcc.a
LOAD c:/winavr-20100110/bin/../lib/gcc/avr/4.3.3/../../../../avr/lib/avr5\libc.a
LOAD c:/winavr-20100110/bin/../lib/gcc/avr/4.3.3/avr5\libgcc.a

.hash
 *(.hash)

.dynsym
 *(.dynsym)

.dynstr
 *(.dynstr)

.gnu.version
 *(.gnu.version)

.gnu.version_d
 *(.gnu.version_d)

.gnu.version_r
 *(.gnu.version_r)

.rel.init
 *(.rel.init)

.rela.init
 *(.rela.init)

.rel.text
 *(.rel.text)
 *(.rel.text.*)
 *(.rel.gnu.linkonce.t*)

.rela.text
 *(.rela.text)
 *(.rela.text.*)
 *(.rela.gnu.linkonce.t*)

.rel.fini
 *(.rel.fini)

.rela.fini
 *(.rela.fini)

.rel.rodata
 *(.rel.rodata)
 *(.rel.rodata.*)
 *(.rel.gnu.linkonce.r*)

.rela.rodata
 *(.rela.rodata)
 *(.rela.rodata.*)
 *(.rela.gnu.linkonce.r*)

.rel.data
 *(.rel.data)
 *(.rel.data.*)
 *(.rel.gnu.linkonce.d*)

.rela.data
 *(.rela.data)
 *(.rela.data.*)
 *(.rela.gnu.linkonce.d*)

.rel.ctors
 *(.rel.ctors)

.rela.ctors
 *(.rela.ctors)

.rel.dtors
 *(.rel.dtors)

.rela.dtors
 *(.rela.dtors)

.rel.got
 *(.rel.got)

.rela.got
 *(.rela.got)

.rel.bss
 *(.rel.bss)

.rela.bss
 *(.rela.bss)

.rel.plt
 *(.rel.plt)

.rela.plt
 *(.rela.plt)

.text           0x00000000      0xe08
 *(.vectors)
 .vectors       0x00000000       0x54 c:/winavr-20100110/bin/../lib/gcc/avr/4.3.3/../../../../avr/lib/avr5/crtm32.o
                0x00000000                __vectors
                0x00000000                __vector_default
 *(.vectors)
 *(.progmem.gcc*)
 *(.progmem*)
                0x00000054                . = ALIGN (0x2)
                0x00000054                __trampolines_start = .
 *(.trampolines)
 .trampolines   0x00000054        0x0 linker stubs
 *(.trampolines*)
                0x00000054                __trampolines_end = .
 *(.jumptables)
 *(.jumptables*)
 *(.lowtext)
 *(.lowtext*)
                0x00000054                __ctors_start = .
 *(.ctors)
                0x00000054                __ctors_end = .
                0x00000054                __dtors_start = .
 *(.dtors)
                0x00000054                __dtors_end = .
 SORT(*)(.ctors)
 SORT(*)(.dtors)
 *(.init0)
 .init0         0x00000054        0x0 c:/winavr-20100110/bin/../lib/gcc/avr/4.3.3/../../../../avr/lib/avr5/crtm32.o
                0x00000054                __init
 *(.init0)
 *(.init1)
 *(.init1)
 *(.init2)
 .init2         0x00000054        0xc c:/winavr-20100110/bin/../lib/gcc/avr/4.3.3/../../../../avr/lib/avr5/crtm32.o
 *(.init2)
 *(.init3)
 *(.init3)
 *(.init4)
 .init4         0x00000060       0x16 c:/winavr-20100110/bin/../lib/gcc/avr/4.3.3/avr5\libgcc.a(_copy_data.o)
                0x00000060                __do_copy_data
 .init4         0x00000076       0x10 c:/winavr-20100110/bin/../lib/gcc/avr/4.3.3/avr5\libgcc.a(_clear_bss.o)
                0x00000076                __do_clear_bss
 *(.init4)
 *(.init5)
 *(.init5)
 *(.init6)
 *(.init6)
 *(.init7)
 *(.init7)
 *(.init8)
 *(.init8)
 *(.init9)
 .init9         0x00000086        0x8 c:/winavr-20100110/bin/../lib/gcc/avr/4.3.3/../../../../avr/lib/avr5/crtm32.o
 *(.init9)
 *(.text)
 .text          0x0000008e        0x4 c:/winavr-20100110/bin/../lib/gcc/avr/4.3.3/../../../../avr/lib/avr5/crtm32.o
                0x0000008e                __vector_12
                0x0000008e                __bad_interrupt
                0x0000008e                __vector_6
                0x0000008e                __vector_3
                0x0000008e                __vector_11
                0x0000008e                __vector_13
                0x0000008e                __vector_17
                0x0000008e                __vector_19
                0x0000008e                __vector_5
                0x0000008e                __vector_4
                0x0000008e                __vector_2
                0x0000008e                __vector_15
                0x0000008e                __vector_8
                0x0000008e                __vector_14
                0x0000008e                __vector_10
                0x0000008e                __vector_16
                0x0000008e                __vector_18
                0x0000008e                __vector_20
 .text          0x00000092        0x0 ./MCAL/Timer/timer1.o
 .text          0x00000092        0x0 ./MCAL/Interrupt/interrupt.o
 .text          0x00000092        0x0 ./MCAL/GPIO/gpio.o
 .text          0x00000092        0x0 ./ECUAL/LED/LED.o
 .text          0x00000092        0x0 ./ECUAL/Button/button.o
 .text          0x00000092        0x0 ./Application/app.o
 .text          0x00000092        0x0 ./main.o
 .text          0x00000092        0x0 c:/winavr-20100110/bin/../lib/gcc/avr/4.3.3/avr5\libgcc.a(_exit.o)
 .text          0x00000092        0x0 c:/winavr-20100110/bin/../lib/gcc/avr/4.3.3/avr5\libgcc.a(_copy_data.o)
 .text          0x00000092        0x0 c:/winavr-20100110/bin/../lib/gcc/avr/4.3.3/avr5\libgcc.a(_clear_bss.o)
                0x00000092                . = ALIGN (0x2)
 *(.text.*)
 .text.__vector_9
                0x00000092       0x66 ./MCAL/Timer/timer1.o
                0x00000092                __vector_9
 .text.__vector_7
                0x000000f8       0x66 ./MCAL/Timer/timer1.o
                0x000000f8                __vector_7
 .text.Timer1_init
                0x0000015e       0xa6 ./MCAL/Timer/timer1.o
                0x0000015e                Timer1_init
 .text.Timer1_deInit
                0x00000204       0x30 ./MCAL/Timer/timer1.o
                0x00000204                Timer1_deInit
 .text.Timer1_setCallBack
                0x00000234       0x24 ./MCAL/Timer/timer1.o
                0x00000234                Timer1_setCallBack
 .text.__vector_1
                0x00000258       0x66 ./MCAL/Interrupt/interrupt.o
                0x00000258                __vector_1
 .text.INT0_Init
                0x000002be       0x38 ./MCAL/Interrupt/interrupt.o
                0x000002be                INT0_Init
 .text.INT0_setCallBack
                0x000002f6       0x24 ./MCAL/Interrupt/interrupt.o
                0x000002f6                INT0_setCallBack
 .text.GPIO_setupPinDirection
                0x0000031a      0x1d6 ./MCAL/GPIO/gpio.o
                0x0000031a                GPIO_setupPinDirection
 .text.GPIO_writePin
                0x000004f0      0x1d6 ./MCAL/GPIO/gpio.o
                0x000004f0                GPIO_writePin
 .text.GPIO_readPin
                0x000006c6      0x136 ./MCAL/GPIO/gpio.o
                0x000006c6                GPIO_readPin
 .text.GPIO_setupPortDirection
                0x000007fc       0x88 ./MCAL/GPIO/gpio.o
                0x000007fc                GPIO_setupPortDirection
 .text.GPIO_writePort
                0x00000884       0x88 ./MCAL/GPIO/gpio.o
                0x00000884                GPIO_writePort
 .text.GPIO_readPort
                0x0000090c       0x8a ./MCAL/GPIO/gpio.o
                0x0000090c                GPIO_readPort
 .text.LED_init
                0x00000996       0x4a ./ECUAL/LED/LED.o
                0x00000996                LED_init
 .text.LED_ON   0x000009e0       0x22 ./ECUAL/LED/LED.o
                0x000009e0                LED_ON
 .text.LED_OFF  0x00000a02       0x22 ./ECUAL/LED/LED.o
                0x00000a02                LED_OFF
 .text.Get_Button_state
                0x00000a24       0x2a ./ECUAL/Button/button.o
                0x00000a24                Get_Button_state
 .text.delay_500mSEC
                0x00000a4e       0x18 ./Application/app.o
                0x00000a4e                delay_500mSEC
 .text.int0_flag
                0x00000a66       0x18 ./Application/app.o
                0x00000a66                int0_flag
 .text.Long_press
                0x00000a7e       0x44 ./Application/app.o
                0x00000a7e                Long_press
 .text.app      0x00000ac2      0x204 ./Application/app.o
                0x00000ac2                app
 .text.pedestrian_mode
                0x00000cc6      0x128 ./Application/app.o
 .text.main     0x00000dee       0x16 ./main.o
                0x00000dee                main
 .text.libgcc   0x00000e04        0x0 c:/winavr-20100110/bin/../lib/gcc/avr/4.3.3/avr5\libgcc.a(_exit.o)
 .text.libgcc   0x00000e04        0x0 c:/winavr-20100110/bin/../lib/gcc/avr/4.3.3/avr5\libgcc.a(_copy_data.o)
 .text.libgcc   0x00000e04        0x0 c:/winavr-20100110/bin/../lib/gcc/avr/4.3.3/avr5\libgcc.a(_clear_bss.o)
                0x00000e04                . = ALIGN (0x2)
 *(.fini9)
 .fini9         0x00000e04        0x0 c:/winavr-20100110/bin/../lib/gcc/avr/4.3.3/avr5\libgcc.a(_exit.o)
                0x00000e04                exit
                0x00000e04                _exit
 *(.fini9)
 *(.fini8)
 *(.fini8)
 *(.fini7)
 *(.fini7)
 *(.fini6)
 *(.fini6)
 *(.fini5)
 *(.fini5)
 *(.fini4)
 *(.fini4)
 *(.fini3)
 *(.fini3)
 *(.fini2)
 *(.fini2)
 *(.fini1)
 *(.fini1)
 *(.fini0)
 .fini0         0x00000e04        0x4 c:/winavr-20100110/bin/../lib/gcc/avr/4.3.3/avr5\libgcc.a(_exit.o)
 *(.fini0)
                0x00000e08                _etext = .

.data           0x00800060        0x6 load address 0x00000e08
                0x00800060                PROVIDE (__data_start, .)
 *(.data)
 .data          0x00800060        0x0 c:/winavr-20100110/bin/../lib/gcc/avr/4.3.3/../../../../avr/lib/avr5/crtm32.o
 .data          0x00800060        0x0 ./MCAL/Timer/timer1.o
 .data          0x00800060        0x0 ./MCAL/Interrupt/interrupt.o
 .data          0x00800060        0x0 ./MCAL/GPIO/gpio.o
 .data          0x00800060        0x0 ./ECUAL/LED/LED.o
 .data          0x00800060        0x0 ./ECUAL/Button/button.o
 .data          0x00800060        0x0 ./Application/app.o
 .data          0x00800060        0x0 ./main.o
 .data          0x00800060        0x0 c:/winavr-20100110/bin/../lib/gcc/avr/4.3.3/avr5\libgcc.a(_exit.o)
 .data          0x00800060        0x0 c:/winavr-20100110/bin/../lib/gcc/avr/4.3.3/avr5\libgcc.a(_copy_data.o)
 .data          0x00800060        0x0 c:/winavr-20100110/bin/../lib/gcc/avr/4.3.3/avr5\libgcc.a(_clear_bss.o)
 *(.data*)
 *(.rodata)
 *(.rodata*)
 .rodata.C.7.1355
                0x00800060        0x6 ./Application/app.o
 *(.gnu.linkonce.d*)
                0x00800066                . = ALIGN (0x2)
                0x00800066                _edata = .
                0x00800066                PROVIDE (__data_end, .)

.bss            0x00800066        0x7
                0x00800066                PROVIDE (__bss_start, .)
 *(.bss)
 .bss           0x00800066        0x0 c:/winavr-20100110/bin/../lib/gcc/avr/4.3.3/../../../../avr/lib/avr5/crtm32.o
 .bss           0x00800066        0x0 ./MCAL/Timer/timer1.o
 .bss           0x00800066        0x0 ./MCAL/Interrupt/interrupt.o
 .bss           0x00800066        0x0 ./MCAL/GPIO/gpio.o
 .bss           0x00800066        0x0 ./ECUAL/LED/LED.o
 .bss           0x00800066        0x0 ./ECUAL/Button/button.o
 .bss           0x00800066        0x0 ./Application/app.o
 .bss           0x00800066        0x0 ./main.o
 .bss           0x00800066        0x0 c:/winavr-20100110/bin/../lib/gcc/avr/4.3.3/avr5\libgcc.a(_exit.o)
 .bss           0x00800066        0x0 c:/winavr-20100110/bin/../lib/gcc/avr/4.3.3/avr5\libgcc.a(_copy_data.o)
 .bss           0x00800066        0x0 c:/winavr-20100110/bin/../lib/gcc/avr/4.3.3/avr5\libgcc.a(_clear_bss.o)
 *(.bss*)
 .bss.g_callBackPtr
                0x00800066        0x2 ./MCAL/Timer/timer1.o
 .bss.g_callBackPtr
                0x00800068        0x2 ./MCAL/Interrupt/interrupt.o
 .bss.g_tick    0x0080006a        0x1 ./Application/app.o
 .bss.g_state_color
                0x0080006b        0x1 ./Application/app.o
 .bss.interrupt_flag
                0x0080006c        0x1 ./Application/app.o
 *(COMMON)
                0x0080006d                PROVIDE (__bss_end, .)
                0x00000e08                __data_load_start = LOADADDR (.data)
                0x00000e0e                __data_load_end = (__data_load_start + SIZEOF (.data))

.noinit         0x0080006d        0x0
                0x0080006d                PROVIDE (__noinit_start, .)
 *(.noinit*)
                0x0080006d                PROVIDE (__noinit_end, .)
                0x0080006d                _end = .
                0x0080006d                PROVIDE (__heap_start, .)

.eeprom         0x00810000        0x0
 *(.eeprom*)
                0x00810000                __eeprom_end = .

.fuse
 *(.fuse)
 *(.lfuse)
 *(.hfuse)
 *(.efuse)

.lock
 *(.lock*)

.signature
 *(.signature*)

.stab           0x00000000     0x1e48
 *(.stab)
 .stab          0x00000000      0x588 ./MCAL/Timer/timer1.o
 .stab          0x00000588      0x27c ./MCAL/Interrupt/interrupt.o
                                0x438 (size before relaxing)
 .stab          0x00000804      0x6b4 ./MCAL/GPIO/gpio.o
                                0x870 (size before relaxing)
 .stab          0x00000eb8      0x2d0 ./ECUAL/LED/LED.o
                                0x2dc (size before relaxing)
 .stab          0x00001188      0x228 ./ECUAL/Button/button.o
                                0x234 (size before relaxing)
 .stab          0x000013b0      0x8f4 ./Application/app.o
                                0xab0 (size before relaxing)
 .stab          0x00001ca4      0x1a4 ./main.o
                                0x48c (size before relaxing)

.stabstr        0x00000000     0x1550
 *(.stabstr)
 .stabstr       0x00000000     0x1550 ./MCAL/Timer/timer1.o

.stab.excl
 *(.stab.excl)

.stab.exclstr
 *(.stab.exclstr)

.stab.index
 *(.stab.index)

.stab.indexstr
 *(.stab.indexstr)

.comment
 *(.comment)

.debug
 *(.debug)

.line
 *(.line)

.debug_srcinfo
 *(.debug_srcinfo)

.debug_sfnames
 *(.debug_sfnames)

.debug_aranges
 *(.debug_aranges)

.debug_pubnames
 *(.debug_pubnames)

.debug_info
 *(.debug_info)
 *(.gnu.linkonce.wi.*)

.debug_abbrev
 *(.debug_abbrev)

.debug_line
 *(.debug_line)

.debug_frame
 *(.debug_frame)

.debug_str
 *(.debug_str)

.debug_loc
 *(.debug_loc)

.debug_macinfo
 *(.debug_macinfo)
OUTPUT(traffic_light.elf elf32-avr)
LOAD linker stubs
